// Jest Snapshot v1, https://goo.gl/fbAQLP

exports[`Snapshot tests matches snapshot 1`] = `
<DocumentFragment>
  <div>
    <div
      aria-label="undefined box"
      style="display: inline-block;"
    />
    <button
      aria-label="Remove box"
    >
      X
    </button>
  </div>
</DocumentFragment>
`;
